// Jest Snapshot v1, https://goo.gl/fbAQLP

exports[`modal methods render confirm correctly 1`] = `
<div class="ux-modal-light">
  <div role="mask" class="ux-modal-mask" style="z-index: 999;"></div>
  <div role="dialog" tabindex="-1" class="ux-modal-wrap" style="z-index: 999;">
    <div class="ux-modal ux-confirm ux-confirm-info" style="width: 600px;">
      <div class="ux-modal-content">
        <!---->
        <!---->
        <div class="ux-modal-body">
          <!---->
          <div class="ux-confirm-body-wrapper">
            <div class="ux-confirm-body"><i class="fu fu-info_circle"></i><span class="ux-confirm-title">this is info title</span>
              <div class="ux-confirm-content">
                <p>info content</p>
              </div>
            </div>
            <div class="ux-confirm-btns"><button htmltype="button" class="ux-btn">CANCEL</button><button htmltype="button" class="ux-btn ux-btn-danger">OK</button></div>
          </div>
          <!---->
        </div>
        <!---->
      </div>
    </div>
  </div>
</div>
`;

exports[`modal methods render correctly 1`] = `
<div class="ux-modal-light">
  <div role="mask" class="ux-modal-mask" style="z-index: 999;"></div>
  <div role="dialog" tabindex="-1" class="ux-modal-wrap" style="z-index: 999;">
    <div class="ux-modal ux-confirm ux-confirm-info" style="width: 600px;">
      <div class="ux-modal-content">
        <!---->
        <!---->
        <div class="ux-modal-body">
          <!---->
          <div class="ux-confirm-body-wrapper">
            <div class="ux-confirm-body"><i class="fu fu-info_circle"></i><span class="ux-confirm-title">this is info title</span>
              <div class="ux-confirm-content">
                <p>info content</p>
              </div>
            </div>
            <div class="ux-confirm-btns"><button htmltype="button" class="ux-btn">CANCEL</button><button htmltype="button" class="ux-btn ux-btn-danger">OK</button></div>
          </div>
          <!---->
        </div>
        <!---->
      </div>
    </div>
  </div>
</div>
`;
