// Jest Snapshot v1, https://goo.gl/fbAQLP

exports[`Align disabled is false and monitorWinResize is true when mounted 1`] = `<div style="width: 300px; height: 300px;"><span class="child" style="position: absolute; width: 60px; height: 60px;">test align</span></div>`;

exports[`Align disabled is true 1`] = `<div style="width: 300px; height: 300px;"><span class="child" style="position: absolute; width: 60px; height: 60px;">test align</span></div>`;

exports[`Align render 1`] = `<div style="width: 300px; height: 300px;"><span class="child" style="position: absolute; width: 60px; height: 60px;">test align</span></div>`;

exports[`Align render no child 1`] = `
<div style="width: 300px; height: 300px;">
  <!---->
</div>
`;
