// Jest Snapshot v1, https://goo.gl/fbAQLP

exports[`Table.resizable render resizable  1`] = `
<div class="ux-table-wrapper ux-table-light">
  <div class="ux-spin-nested-loading">
    <div class="ux-spin" style="display: none;"><svg viewBox="25 25 50 50" class="ux-spin-circle">
        <circle cx="50" cy="50" r="20" fill="none"></circle>
      </svg> </div>
    <div class="ux-spin-container">
      <div class="ux-table ux-table-scroll-position-left ux-table-default">
        <div class="ux-table-content">
          <div class="ux-table-main-table">
            <!---->
            <div class="ux-table-body">
              <table class="">
                <colgroup>
                  <col>
                  <col>
                  <col>
                </colgroup>
                <thead class="ux-table-thead">
                  <tr>
                    <th class="ux-table-resizable-th" style="text-align: center;">Name<div class="ux-table-th-resizer"></div>
                    </th>
                    <th>Age</th>
                    <th>Addr</th>
                  </tr>
                </thead>
                <tbody class="ux-table-tbody">
                  <tr class="ux-table-row">
                    <td style="text-align: center;">John Brown</td>
                    <td>32</td>
                    <td>New York No. 1 Lake Park</td>
                  </tr>
                  <tr class="ux-table-row">
                    <td style="text-align: center;">Jim Green</td>
                    <td>42</td>
                    <td>London No. 1 Lake Park</td>
                  </tr>
                  <tr class="ux-table-row">
                    <td style="text-align: center;">Joe Black</td>
                    <td>32</td>
                    <td>Sidney No. 1 Lake Park</td>
                  </tr>
                </tbody>
              </table>
            </div>
            <!---->
            <!---->
          </div>
        </div>
        <div class="ux-table-resize-line" style="display: none;"></div>
      </div>
    </div>
  </div>
</div>
`;
