// Jest Snapshot v1, https://goo.gl/fbAQLP

exports[`steps render VSteps correctly 1`] = `
<div class="v-steps v-steps-horizontal v-steps-label-horizontal">
  <div class="v-steps-item v-steps-item-finish">
    <div class="v-steps-item-tail"></div>
    <div class="v-steps-item-icon"><span class="v-steps-icon vicon vicon-ok"><!----></span></div>
    <div class="v-steps-item-content">
      <div class="v-steps-item-title">
        已完成
      </div>
      <div class="v-steps-item-description">
        这是描述1
      </div>
    </div>
  </div>
  <div class="v-steps-item v-steps-item-finish v-steps-next-error">
    <div class="v-steps-item-tail"></div>
    <div class="v-steps-item-icon"><span class="v-steps-icon vicon vicon-ok"><!----></span></div>
    <div class="v-steps-item-content">
      <div class="v-steps-item-title">
        进行中
      </div>
      <div class="v-steps-item-description">
        这是描述2
      </div>
    </div>
  </div>
  <div class="v-steps-item v-steps-item-error">
    <div class="v-steps-item-tail"></div>
    <div class="v-steps-item-icon"><span class="v-steps-icon vicon vicon-close"><!----></span></div>
    <div class="v-steps-item-content">
      <div class="v-steps-item-title">
        待运行
      </div>
      <div class="v-steps-item-description">
        这是描述3
      </div>
    </div>
  </div>
  <div class="v-steps-item v-steps-item-wait">
    <div class="v-steps-item-tail"></div>
    <div class="v-steps-item-icon"><span class="v-steps-icon"><span>
          4
        </span></span></div>
    <div class="v-steps-item-content">
      <div class="v-steps-item-title">
        待运行
      </div>
      <div class="v-steps-item-description">
        这是描述4
      </div>
    </div>
  </div>
</div>
`;
